---
source: jp-postal-code/src/infra/postgres.rs
expression: response
---
UtfKenAllRepositorySearchResponse {
    records: [
        UtfKenAllRecord {
            local_government_code: "01101",
            old_postal_code: "060  ",
            postal_code: "0600000",
            prefecture_kana: "ホッカイドウ",
            city_kana: "サッポロシチュウオウク",
            town_kana: "イカニケイサイガナイバアイ",
            prefecture: "北海道",
            city: "札幌市中央区",
            town: "以下に掲載がない場合",
            has_multi_postal_code: 0,
            has_chome: 0,
            has_multi_town: 0,
            update_code: 0,
            update_reason: 0,
        },
        UtfKenAllRecord {
            local_government_code: "01101",
            old_postal_code: "060  ",
            postal_code: "0600041",
            prefecture_kana: "ホッカイドウ",
            city_kana: "サッポロシチュウオウク",
            town_kana: "オオドオリヒガシ",
            prefecture: "北海道",
            city: "札幌市中央区",
            town: "大通東",
            has_multi_postal_code: 0,
            has_chome: 0,
            has_multi_town: 1,
            update_code: 0,
            update_reason: 0,
        },
    ],
    next_page_token: Some(
        "eyJ1dGZfa2VuX2FsbF9pZCI6NH0",
    ),
}
