---
source: jp-postal-code/src/infra/ephemeral.rs
expression: repository.records
---
[
    UtfKenAllRecord {
        local_government_code: "01101",
        old_postal_code: "060  ",
        postal_code: "0600000",
        prefecture_kana: "ホッカイドウ",
        city_kana: "サッポロシチュウオウク",
        town_kana: "イカニケイサイガナイバアイ",
        prefecture: "北海道",
        city: "札幌市中央区",
        town: "以下に掲載がない場合",
        has_multi_postal_code: 0,
        has_chome: 0,
        has_multi_town: 0,
        update_code: 0,
        update_reason: 0,
    },
    UtfKenAllRecord {
        local_government_code: "01101",
        old_postal_code: "064  ",
        postal_code: "0640941",
        prefecture_kana: "ホッカイドウ",
        city_kana: "サッポロシチュウオウク",
        town_kana: "アサヒガオカ",
        prefecture: "北海道",
        city: "札幌市中央区",
        town: "旭ケ丘",
        has_multi_postal_code: 0,
        has_chome: 0,
        has_multi_town: 1,
        update_code: 0,
        update_reason: 0,
    },
    UtfKenAllRecord {
        local_government_code: "01101",
        old_postal_code: "060  ",
        postal_code: "0600041",
        prefecture_kana: "ホッカイドウ",
        city_kana: "サッポロシチュウオウク",
        town_kana: "オオドオリヒガシ",
        prefecture: "北海道",
        city: "札幌市中央区",
        town: "大通東",
        has_multi_postal_code: 0,
        has_chome: 0,
        has_multi_town: 1,
        update_code: 0,
        update_reason: 0,
    },
    UtfKenAllRecord {
        local_government_code: "01101",
        old_postal_code: "060  ",
        postal_code: "0600042",
        prefecture_kana: "ホッカイドウ",
        city_kana: "サッポロシチュウオウク",
        town_kana: "オオドオリニシ（１−１９チョウメ）",
        prefecture: "北海道",
        city: "札幌市中央区",
        town: "大通西（１〜１９丁目）",
        has_multi_postal_code: 1,
        has_chome: 0,
        has_multi_town: 1,
        update_code: 0,
        update_reason: 0,
    },
    UtfKenAllRecord {
        local_government_code: "01101",
        old_postal_code: "064  ",
        postal_code: "0640820",
        prefecture_kana: "ホッカイドウ",
        city_kana: "サッポロシチュウオウク",
        town_kana: "オオドオリニシ（２０−２８チョウメ）",
        prefecture: "北海道",
        city: "札幌市中央区",
        town: "大通西（２０〜２８丁目）",
        has_multi_postal_code: 1,
        has_chome: 0,
        has_multi_town: 1,
        update_code: 0,
        update_reason: 0,
    },
]
